---
source: src/lib.rs
expression: "<Symbol!(\"hello\")>::new().to_string()"
---
"hello"
