---
source: src/lib.rs
expression: "<Symbol!(\"\")>::new()"
---
Nil
