---
source: src/lib.rs
expression: "<Symbol!(\"hello\")>::chars().rev().collect::<String>()"
---
"olleh"
