---
source: src/lib.rs
expression: "<Symbol!(\"hello\")>::new().into_iter().collect::<String>()"
---
"hello"
